// Vitest Snapshot v1, https://vitest.dev/guide/snapshot.html

exports[`Button Component > should match snapshot 1`] = `
<DocumentFragment>
  <button
    class="storybook-button storybook-button--medium storybook-button--secondary"
    data-rac=""
    type="button"
  >
    Click me please
  </button>
</DocumentFragment>
`;
