// Vitest Snapshot v1, https://vitest.dev/guide/snapshot.html

exports[`Modal Component > should match snapshot 1`] = `
<div
  aria-describedby="radix-:r2:"
  aria-labelledby="radix-:r1:"
  class="bg-white data-[state=closed]:animate-zoom-out data-[state=open]:animate-zoom-in"
  data-state="open"
  data-testid="modal"
  id="radix-:r0:"
  open=""
  role="dialog"
  style="pointer-events: auto;"
  tabindex="-1"
>
  <div>
    Modal Content
  </div>
</div>
`;
