// Vitest Snapshot v1, https://vitest.dev/guide/snapshot.html

exports[`ConnectSearchBar Component > should match snapshot 1`] = `
<DocumentFragment>
  <div
    class="flex flex-row text-[#6F767E] bg-grey-50 px-4 h-[52px] items-center rounded-xl border border-[#EFEFEF]"
  >
    <svg
      class="mr-3"
      style="width: 24px; height: 24px;"
    >
      <use
        href="/icons.svg#search"
      />
    </svg>
    <div
      class="flex flex-1 min-w-0"
      data-rac=""
    >
      <input
        aria-label="search input"
        class="flex flex-1 outline-none bg-inherit min-w-0 text-sm"
        data-rac=""
        id="react-aria-:r0:"
        placeholder="Search Files"
        title=""
        type="text"
        value=""
      />
    </div>
    <button
      aria-expanded="false"
      aria-haspopup="true"
      aria-label="menu"
      class="ml-3 flex h-full flex-row items-center outline-none"
      data-rac=""
      id="react-aria-:r5:"
      type="button"
    >
      <div
        class="mr-2 text-sm font-semibold text-[#6F767E]"
      >
        File type
      </div>
      <svg
        style="width: 24px; height: 24px;"
      >
        <use
          href="/icons.svg#chevron-down"
        />
      </svg>
    </button>
  </div>
</DocumentFragment>
`;
