// Jest Snapshot v1, https://goo.gl/fbAQLP

exports[`Button Component should match snapshot 1`] = `
<DocumentFragment>
  <button
    class="storybook-button storybook-button--medium storybook-button--secondary"
    type="button"
  >
    Click me please
  </button>
</DocumentFragment>
`;
